
 problem rocket equilibrium
   p(bar)=40.0
   o/f=7.1
   pi/p=39.47693066864051
 reactants
   fuel=Paraffin wt%=100 t(k)=298.15 h,cal/mol=-444600 C 73 H 124
   oxid=O2(L) wt%=100 t(k)=90.17
 output siunits transport trace=1e-05
 end

THEORETICAL ROCKET PERFORMANCE ASSUMING EQUILIBRIUM
COMPOSITION DURING EXPANSION FROM INFINITE AREA COMBUSTOR
 
Pc =  40.00 bar
 
pi/p =    39.4769
 
 
            REACTANT     MOLES    ENERGY      TEMP
                                  KJ/MOL         K
     Paraffin          100.000 ***********    298.15
     O2(L)             100.000  -12979.000     90.17
 
O/F =    7.10000    % Fuel =  12.34568    r, Eq. Ratio =  0.46789    phi, Eq. Ratio =  0.46789
 

                        CHAMBER       THROAT         EXIT
 Pinf/P                  1.0000       1.7337       39.477
 P, bar                 40.0000      23.0721       1.0132
 T, K                   3150.81      2978.07      2010.06
 Density, kg/m^3      0.4683E+1    0.2887E+1    0.1939E+0
 H, kJ/kg              -584.784    -1039.498    -3095.979
 U, kJ/kg             -1438.902    -1838.680    -3618.560
 G, kJ/kg             -29009.10    -27905.45    -21229.31
 S, kJ/kg-K               9.021        9.021        9.021
 
 M, (1/n)               30.6719      30.9832      31.9811
 (dln(V)/dln(P))t       -1.0175      -1.0135      -1.0006
 (dln(V)/dln(T))p        1.3619       1.2972       1.0208
 Cp, kJ/(kg-K)           3.6412       3.3527       1.6814
 Gamma_s                 1.1372       1.1380       1.1912
 Son. Vel., m/s          985.54       953.64       788.99
 Mach                    0.0000       1.0000       2.8404
 
 TRANSPORT PROPERTIES (GASES ONLY)
    CONDUCTIVITY IN UNITS OF MILLICALORIES/(CM)(K)(SEC)
 
  Visc, Millipois        1.0456       1.0059       0.7700
 
 WITH EQUILIBRIUM REACTIONS
  Cp, kJ/(kg-K)          3.6412       3.3527       1.6814
  Conductivity           6.6651       5.8254       1.8471
  Prandtl Number         0.5712       0.5789       0.7009
 
 WITH FROZEN REACTIONS
  Cp, kJ/(kg-K)          1.5787       1.5695       1.4900
  Conductivity           2.3124       2.2049       1.5601
  Prandtl Number         0.7139       0.7160       0.7354
 
 
 PERFORMANCE PARAMETERS
 
 Ae/At                                1.0000       6.3359
 C*, m/s                             1452.90      1452.90
 Cf                                   0.6564       1.5425
 Ivac, m/s                           1791.67      2474.25
 Isp, m/s                             953.64      2241.07
 
MOLE FRACTIONS
 
 CO                    0.032350     0.024217     6.002E-4
 CO2                   0.243587     0.254521     0.287117
 H                     0.002300     0.001608     1.813E-5
 H2                    0.003500     0.002730     1.095E-4
 H2O                   0.202838     0.211083     0.241939
 H2O2                  1.850E-5     1.145E-5     3.215E-7
 HO2                   3.529E-4     2.343E-4     8.676E-6
 O                     0.019473     0.014601     4.893E-4
 O2                    0.442226     0.447010     0.465119
 OH                    0.053349     0.043982     0.004599

PRODUCTS WHICH WERE CONSIDERED BUT WHOSE MOLE FRACTIONS
WERE LESS THAN 1.000000E-05 FOR ALL ASSIGNED CONDITIONS

 (CH3COOH)2      (HCOOH)2        C               C10H21,n-decyl  C10H8,naphthale
 C12H10,biphenyl C12H9,o-bipheny C2              C2H             C2H2,acetylene 
 C2H2,vinylidene C2H3,vinyl      C2H4            C2H4O,ethylen-o C2H5           
 C2H5OH          C2H6            C2O             C3              C3H3,1-propynl 
 C3H3,2-propynl  C3H4,allene     C3H4,cyclo-     C3H4,propyne    C3H5,allyl     
 C3H6,cyclo-     C3H6,propylene  C3H6O,acetone   C3H6O,propanal  C3H6O,propylox 
 C3H7,i-propyl   C3H7,n-propyl   C3H8            C3H8O,1propanol C3H8O,2propanol
 C3O2            C4              C4H10,isobutane C4H10,n-butane  C4H2,butadiyne 
 C4H4,1,3-cyclo- C4H6,1butyne    C4H6,2butyne    C4H6,butadiene  C4H6,cyclo-    
 C4H8,1-butene   C4H8,cis2-buten C4H8,cyclo-     C4H8,isobutene  C4H8,tr2-butene
 C4H9,i-butyl    C4H9,n-butyl    C4H9,s-butyl    C4H9,t-butyl    C5             
 C5H10,1-pentene C5H10,cyclo-    C5H11,pentyl    C5H11,t-pentyl  C5H12,i-pentane
 C5H12,n-pentane C5H6,1,3cyclo-  C5H8,cyclo-     C6H10,cyclo-    C6H12,1-hexene 
 C6H12,cyclo-    C6H13,n-hexyl   C6H14,n-hexane  C6H2            C6H5,phenyl    
 C6H5O,phenoxy   C6H5OH,phenol   C6H6            C7H14,1-heptene C7H15,n-heptyl 
 C7H16,2-methylh C7H16,n-heptane C7H7,benzyl     C7H8            C7H8O,cresol-mx
 C8H10,ethylbenz C8H16,1-octene  C8H17,n-octyl   C8H18,isooctane C8H18,n-octane 
 C8H8,styrene    C9H19,n-nonyl   CH              CH2             CH2CO,ketene   
 CH2OH           CH3             CH3C(CH3)2CH3   CH3CHO,ethanal  CH3CO,acetyl   
 CH3COOH         CH3O            CH3O2CH3        CH3OCH3         CH3OH          
 CH3OOH          CH4             COOH            HCCO            HCHO,formaldehy
 HCO             HCOOH           HO(CO)2OH       O(CH)2O         O3             
 OHCH2COOH       C(gr)           H2O(L)          H2O(cr)        

NOTE. WEIGHT FRACTION OF FUEL IN TOTAL FUELS AND OF OXIDANT IN TOTAL OXIDANTS

